Flow report for u16
Fri Apr 24 20:24:41 2020
Quartus II 64-Bit Version 13.0.1 Build 232 06/12/2013 Service Pack 1 SJ Web Edition


---------------------
; Table of Contents ;
---------------------
  1. Legal Notice
  2. Flow Summary
  3. Flow Settings
  4. Flow Non-Default Global Settings
  5. Flow Elapsed Time
  6. Flow OS Summary
  7. Flow Log
  8. Flow Messages
  9. Flow Suppressed Messages



----------------
; Legal Notice ;
----------------
Copyright (C) 1991-2013 Altera Corporation
Your use of Altera Corporation's design tools, logic functions 
and other software and tools, and its AMPP partner logic 
functions, and any output files from any of the foregoing 
(including device programming or simulation files), and any 
associated documentation or information are expressly subject 
to the terms and conditions of the Altera Program License 
Subscription Agreement, Altera MegaCore Function License 
Agreement, or other applicable license agreement, including, 
without limitation, that your use is for the sole purpose of 
programming logic devices manufactured by Altera and sold by 
Altera or its authorized distributors.  Please refer to the 
applicable agreement for further details.



+--------------------------------------------------------------------------------------+
; Flow Summary                                                                         ;
+------------------------------------+-------------------------------------------------+
; Flow Status                        ; Successful - Fri Apr 24 20:24:19 2020           ;
; Quartus II 64-Bit Version          ; 13.0.1 Build 232 06/12/2013 SP 1 SJ Web Edition ;
; Revision Name                      ; u16                                             ;
; Top-level Entity Name              ; kotku                                           ;
; Family                             ; Cyclone IV E                                    ;
; Device                             ; EP4CE22F17C8                                    ;
; Timing Models                      ; Final                                           ;
; Total logic elements               ; 13,934 / 22,320 ( 62 % )                        ;
;     Total combinational functions  ; 13,107 / 22,320 ( 59 % )                        ;
;     Dedicated logic registers      ; 3,684 / 22,320 ( 17 % )                         ;
; Total registers                    ; 3696                                            ;
; Total pins                         ; 76 / 154 ( 49 % )                               ;
; Total virtual pins                 ; 0                                               ;
; Total memory bits                  ; 185,907 / 608,256 ( 31 % )                      ;
; Embedded Multiplier 9-bit elements ; 2 / 132 ( 2 % )                                 ;
; Total PLLs                         ; 1 / 4 ( 25 % )                                  ;
+------------------------------------+-------------------------------------------------+


+-----------------------------------------+
; Flow Settings                           ;
+-------------------+---------------------+
; Option            ; Setting             ;
+-------------------+---------------------+
; Start date & time ; 04/24/2020 20:19:03 ;
; Main task         ; Compilation         ;
; Revision Name     ; u16                 ;
+-------------------+---------------------+


+-----------------------------------------------------------------------------------------------------------------------------------------------------------------+
; Flow Non-Default Global Settings                                                                                                                                ;
+-----------------------------------------+------------------------------------------------------------------------+---------------+-------------+----------------+
; Assignment Name                         ; Value                                                                  ; Default Value ; Entity Name ; Section Id     ;
+-----------------------------------------+------------------------------------------------------------------------+---------------+-------------+----------------+
; ADD_PASS_THROUGH_LOGIC_TO_INFERRED_RAMS ; Off                                                                    ; On            ; --          ; --             ;
; COMPILER_SIGNATURE_ID                   ; 154414177208385.158775234308304                                        ; --            ; --          ; --             ;
; EDA_OUTPUT_DATA_FORMAT                  ; None                                                                   ; --            ; --          ; eda_simulation ;
; EDA_TIME_SCALE                          ; 1 ps                                                                   ; --            ; --          ; eda_simulation ;
; ENABLE_ADVANCED_IO_TIMING               ; On                                                                     ; --            ; --          ; --             ;
; ENABLE_CLOCK_LATENCY                    ; On                                                                     ; Off           ; --          ; --             ;
; ENABLE_SIGNALTAP                        ; On                                                                     ; --            ; --          ; --             ;
; MAX_CORE_JUNCTION_TEMP                  ; 85                                                                     ; --            ; --          ; --             ;
; MIN_CORE_JUNCTION_TEMP                  ; 0                                                                      ; --            ; --          ; --             ;
; OUTPUT_IO_TIMING_FAR_END_VMEAS          ; Half Signal Swing                                                      ; --            ; --          ; --             ;
; OUTPUT_IO_TIMING_FAR_END_VMEAS          ; Half Signal Swing                                                      ; --            ; --          ; --             ;
; OUTPUT_IO_TIMING_NEAR_END_VMEAS         ; Half Vccio                                                             ; --            ; --          ; --             ;
; OUTPUT_IO_TIMING_NEAR_END_VMEAS         ; Half Vccio                                                             ; --            ; --          ; --             ;
; PARTITION_COLOR                         ; 16764057                                                               ; --            ; kotku       ; Top            ;
; PARTITION_FITTER_PRESERVATION_LEVEL     ; PLACEMENT                                                              ; --            ; kotku       ; Top            ;
; PARTITION_NETLIST_TYPE                  ; SOURCE                                                                 ; --            ; kotku       ; Top            ;
; POWER_BOARD_THERMAL_MODEL               ; None (CONSERVATIVE)                                                    ; --            ; --          ; --             ;
; POWER_PRESET_COOLING_SOLUTION           ; 23 MM HEAT SINK WITH 200 LFPM AIRFLOW                                  ; --            ; --          ; --             ;
; SLD_FILE                                ; C:/Users/mvv/Desktop/zet/boards/reverse-u16/syn/stp1_auto_stripped.stp ; --            ; --          ; --             ;
; TOP_LEVEL_ENTITY                        ; kotku                                                                  ; u16           ; --          ; --             ;
; USE_GENERATED_PHYSICAL_CONSTRAINTS      ; Off                                                                    ; --            ; --          ; eda_blast_fpga ;
; USE_SIGNALTAP_FILE                      ; stp1.stp                                                               ; --            ; --          ; --             ;
+-----------------------------------------+------------------------------------------------------------------------+---------------+-------------+----------------+


+-------------------------------------------------------------------------------------------------------------------------------+
; Flow Elapsed Time                                                                                                             ;
+---------------------------+--------------+-------------------------+---------------------+------------------------------------+
; Module Name               ; Elapsed Time ; Average Processors Used ; Peak Virtual Memory ; Total CPU Time (on all processors) ;
+---------------------------+--------------+-------------------------+---------------------+------------------------------------+
; Analysis & Synthesis      ; 00:02:17     ; 1.0                     ; 589 MB              ; 00:02:16                           ;
; Fitter                    ; 00:02:47     ; 1.0                     ; 952 MB              ; 00:02:45                           ;
; Assembler                 ; 00:00:03     ; 1.0                     ; 447 MB              ; 00:00:03                           ;
; TimeQuest Timing Analyzer ; 00:00:21     ; 1.0                     ; 701 MB              ; 00:00:20                           ;
; Total                     ; 00:05:28     ; --                      ; --                  ; 00:05:24                           ;
+---------------------------+--------------+-------------------------+---------------------+------------------------------------+


+----------------------------------------------------------------------------------------+
; Flow OS Summary                                                                        ;
+---------------------------+------------------+-----------+------------+----------------+
; Module Name               ; Machine Hostname ; OS Name   ; OS Version ; Processor type ;
+---------------------------+------------------+-----------+------------+----------------+
; Analysis & Synthesis      ; Elitebook2560p   ; Windows 7 ; 6.1        ; x86_64         ;
; Fitter                    ; Elitebook2560p   ; Windows 7 ; 6.1        ; x86_64         ;
; Assembler                 ; Elitebook2560p   ; Windows 7 ; 6.1        ; x86_64         ;
; TimeQuest Timing Analyzer ; Elitebook2560p   ; Windows 7 ; 6.1        ; x86_64         ;
+---------------------------+------------------+-----------+------------+----------------+


------------
; Flow Log ;
------------
quartus_map --read_settings_files=on --write_settings_files=off u16 -c u16
quartus_fit --read_settings_files=off --write_settings_files=off u16 -c u16
quartus_asm --read_settings_files=off --write_settings_files=off u16 -c u16
quartus_sta u16 -c u16



