------------------------------------------------------------
TimeQuest Timing Analyzer Summary
------------------------------------------------------------

Type  : Slow 1200mV 85C Model Setup 'CLK_3M5_CONT'
Slack : -17.514
TNS   : -8374.178

Type  : Slow 1200mV 85C Model Setup 'clocks_inst|altpll_component|auto_generated|pll1|clk[0]'
Slack : -16.620
TNS   : -12525.871

Type  : Slow 1200mV 85C Model Setup 'clocks_inst|altpll_component|auto_generated|pll1|clk[3]'
Slack : -11.211
TNS   : -34.812

Type  : Slow 1200mV 85C Model Setup 'clocks_inst|altpll_component|auto_generated|pll1|clk[1]'
Slack : -10.604
TNS   : -39.659

Type  : Slow 1200mV 85C Model Setup 'clocks_inst|altpll_component|auto_generated|pll1|clk[2]'
Slack : -6.314
TNS   : -66.740

Type  : Slow 1200mV 85C Model Setup 'clk_28_div[7]'
Slack : -5.769
TNS   : -300.824

Type  : Slow 1200mV 85C Model Setup 'clk_28_div[6]'
Slack : -5.233
TNS   : -42.899

Type  : Slow 1200mV 85C Model Setup 'ps2_keyb:ps2_kbd_mod|ps2_iobase:ps2_alt0|sigtrigger'
Slack : -5.035
TNS   : -82.984

Type  : Slow 1200mV 85C Model Setup 'accel_i_q[18]'
Slack : -4.758
TNS   : -9.477

Type  : Slow 1200mV 85C Model Setup 'zxnext:zxnext|T80Na:cpu_mod|T80N:z80n|IR[0]'
Slack : -4.740
TNS   : -31.185

Type  : Slow 1200mV 85C Model Setup 'zxnext:zxnext|T80Na:cpu_mod|MREQ'
Slack : -4.524
TNS   : -4.524

Type  : Slow 1200mV 85C Model Setup 'clocks_inst|altpll_component|auto_generated|pll1|clk[4]'
Slack : 15.503
TNS   : 0.000

Type  : Slow 1200mV 85C Model Hold 'zxnext:zxnext|T80Na:cpu_mod|T80N:z80n|IR[0]'
Slack : -1.508
TNS   : -2.394

Type  : Slow 1200mV 85C Model Hold 'clocks_inst|altpll_component|auto_generated|pll1|clk[0]'
Slack : -0.376
TNS   : -0.376

Type  : Slow 1200mV 85C Model Hold 'CLK_3M5_CONT'
Slack : 0.333
TNS   : 0.000

Type  : Slow 1200mV 85C Model Hold 'clocks_inst|altpll_component|auto_generated|pll1|clk[1]'
Slack : 0.436
TNS   : 0.000

Type  : Slow 1200mV 85C Model Hold 'clk_28_div[7]'
Slack : 0.453
TNS   : 0.000

Type  : Slow 1200mV 85C Model Hold 'clocks_inst|altpll_component|auto_generated|pll1|clk[2]'
Slack : 0.453
TNS   : 0.000

Type  : Slow 1200mV 85C Model Hold 'clocks_inst|altpll_component|auto_generated|pll1|clk[3]'
Slack : 0.454
TNS   : 0.000

Type  : Slow 1200mV 85C Model Hold 'clocks_inst|altpll_component|auto_generated|pll1|clk[4]'
Slack : 0.454
TNS   : 0.000

Type  : Slow 1200mV 85C Model Hold 'ps2_keyb:ps2_kbd_mod|ps2_iobase:ps2_alt0|sigtrigger'
Slack : 0.454
TNS   : 0.000

Type  : Slow 1200mV 85C Model Hold 'clk_28_div[6]'
Slack : 0.532
TNS   : 0.000

Type  : Slow 1200mV 85C Model Hold 'zxnext:zxnext|T80Na:cpu_mod|MREQ'
Slack : 2.012
TNS   : 0.000

Type  : Slow 1200mV 85C Model Hold 'accel_i_q[18]'
Slack : 2.042
TNS   : 0.000

Type  : Slow 1200mV 85C Model Recovery 'ps2_keyb:ps2_kbd_mod|data_send_rdy_s'
Slack : -7.722
TNS   : -7.722

Type  : Slow 1200mV 85C Model Recovery 'ps2_keyb:ps2_kbd_mod|ps2_iobase:ps2_alt0|sigtrigger'
Slack : -5.177
TNS   : -84.698

Type  : Slow 1200mV 85C Model Recovery 'zxnext:zxnext|T80Na:cpu_mod|MREQ'
Slack : -4.705
TNS   : -4.705

Type  : Slow 1200mV 85C Model Recovery 'clk_28_div[6]'
Slack : -4.397
TNS   : -43.895

Type  : Slow 1200mV 85C Model Recovery 'CLK_3M5_CONT'
Slack : -4.281
TNS   : -28.682

Type  : Slow 1200mV 85C Model Removal 'ps2_keyb:ps2_kbd_mod|ps2_iobase:ps2_alt0|sigtrigger'
Slack : 1.217
TNS   : 0.000

Type  : Slow 1200mV 85C Model Removal 'zxnext:zxnext|T80Na:cpu_mod|MREQ'
Slack : 1.945
TNS   : 0.000

Type  : Slow 1200mV 85C Model Removal 'CLK_3M5_CONT'
Slack : 2.230
TNS   : 0.000

Type  : Slow 1200mV 85C Model Removal 'clk_28_div[6]'
Slack : 2.754
TNS   : 0.000

Type  : Slow 1200mV 85C Model Removal 'ps2_keyb:ps2_kbd_mod|data_send_rdy_s'
Slack : 6.238
TNS   : 0.000

Type  : Slow 1200mV 85C Model Minimum Pulse Width 'CLK_3M5_CONT'
Slack : -1.487
TNS   : -1167.295

Type  : Slow 1200mV 85C Model Minimum Pulse Width 'clk_28_div[7]'
Slack : -1.487
TNS   : -121.934

Type  : Slow 1200mV 85C Model Minimum Pulse Width 'ps2_keyb:ps2_kbd_mod|ps2_iobase:ps2_alt0|sigtrigger'
Slack : -1.487
TNS   : -29.740

Type  : Slow 1200mV 85C Model Minimum Pulse Width 'clk_28_div[6]'
Slack : -1.487
TNS   : -19.331

Type  : Slow 1200mV 85C Model Minimum Pulse Width 'accel_i_q[18]'
Slack : -1.487
TNS   : -2.974

Type  : Slow 1200mV 85C Model Minimum Pulse Width 'ps2_keyb:ps2_kbd_mod|data_send_rdy_s'
Slack : -1.487
TNS   : -1.487

Type  : Slow 1200mV 85C Model Minimum Pulse Width 'zxnext:zxnext|T80Na:cpu_mod|MREQ'
Slack : -1.487
TNS   : -1.487

Type  : Slow 1200mV 85C Model Minimum Pulse Width 'zxnext:zxnext|T80Na:cpu_mod|T80N:z80n|IR[0]'
Slack : 0.339
TNS   : 0.000

Type  : Slow 1200mV 85C Model Minimum Pulse Width 'clocks_inst|altpll_component|auto_generated|pll1|clk[4]'
Slack : 8.621
TNS   : 0.000

Type  : Slow 1200mV 85C Model Minimum Pulse Width 'clock_50_i'
Slack : 9.926
TNS   : 0.000

Type  : Slow 1200mV 85C Model Minimum Pulse Width 'clocks_inst|altpll_component|auto_generated|pll1|clk[0]'
Slack : 17.517
TNS   : 0.000

Type  : Slow 1200mV 85C Model Minimum Pulse Width 'clocks_inst|altpll_component|auto_generated|pll1|clk[1]'
Slack : 17.529
TNS   : 0.000

Type  : Slow 1200mV 85C Model Minimum Pulse Width 'clocks_inst|altpll_component|auto_generated|pll1|clk[2]'
Slack : 35.405
TNS   : 0.000

Type  : Slow 1200mV 85C Model Minimum Pulse Width 'clocks_inst|altpll_component|auto_generated|pll1|clk[3]'
Slack : 71.096
TNS   : 0.000

Type  : Slow 1200mV 0C Model Setup 'CLK_3M5_CONT'
Slack : -16.705
TNS   : -7911.999

Type  : Slow 1200mV 0C Model Setup 'clocks_inst|altpll_component|auto_generated|pll1|clk[0]'
Slack : -15.344
TNS   : -11546.989

Type  : Slow 1200mV 0C Model Setup 'clocks_inst|altpll_component|auto_generated|pll1|clk[3]'
Slack : -10.329
TNS   : -31.341

Type  : Slow 1200mV 0C Model Setup 'clocks_inst|altpll_component|auto_generated|pll1|clk[1]'
Slack : -9.887
TNS   : -36.888

Type  : Slow 1200mV 0C Model Setup 'clocks_inst|altpll_component|auto_generated|pll1|clk[2]'
Slack : -5.688
TNS   : -59.431

Type  : Slow 1200mV 0C Model Setup 'clk_28_div[7]'
Slack : -5.532
TNS   : -285.766

Type  : Slow 1200mV 0C Model Setup 'clk_28_div[6]'
Slack : -5.238
TNS   : -40.308

Type  : Slow 1200mV 0C Model Setup 'ps2_keyb:ps2_kbd_mod|ps2_iobase:ps2_alt0|sigtrigger'
Slack : -4.966
TNS   : -81.808

Type  : Slow 1200mV 0C Model Setup 'zxnext:zxnext|T80Na:cpu_mod|T80N:z80n|IR[0]'
Slack : -4.894
TNS   : -32.368

Type  : Slow 1200mV 0C Model Setup 'accel_i_q[18]'
Slack : -4.846
TNS   : -9.633

Type  : Slow 1200mV 0C Model Setup 'zxnext:zxnext|T80Na:cpu_mod|MREQ'
Slack : -4.262
TNS   : -4.262

Type  : Slow 1200mV 0C Model Setup 'clocks_inst|altpll_component|auto_generated|pll1|clk[4]'
Slack : 15.642
TNS   : 0.000

Type  : Slow 1200mV 0C Model Hold 'zxnext:zxnext|T80Na:cpu_mod|T80N:z80n|IR[0]'
Slack : -1.337
TNS   : -2.062

Type  : Slow 1200mV 0C Model Hold 'clocks_inst|altpll_component|auto_generated|pll1|clk[0]'
Slack : -0.459
TNS   : -0.459

Type  : Slow 1200mV 0C Model Hold 'clocks_inst|altpll_component|auto_generated|pll1|clk[1]'
Slack : 0.385
TNS   : 0.000

Type  : Slow 1200mV 0C Model Hold 'CLK_3M5_CONT'
Slack : 0.402
TNS   : 0.000

Type  : Slow 1200mV 0C Model Hold 'clk_28_div[7]'
Slack : 0.402
TNS   : 0.000

Type  : Slow 1200mV 0C Model Hold 'clocks_inst|altpll_component|auto_generated|pll1|clk[2]'
Slack : 0.402
TNS   : 0.000

Type  : Slow 1200mV 0C Model Hold 'clocks_inst|altpll_component|auto_generated|pll1|clk[4]'
Slack : 0.402
TNS   : 0.000

Type  : Slow 1200mV 0C Model Hold 'clocks_inst|altpll_component|auto_generated|pll1|clk[3]'
Slack : 0.403
TNS   : 0.000

Type  : Slow 1200mV 0C Model Hold 'ps2_keyb:ps2_kbd_mod|ps2_iobase:ps2_alt0|sigtrigger'
Slack : 0.403
TNS   : 0.000

Type  : Slow 1200mV 0C Model Hold 'clk_28_div[6]'
Slack : 0.491
TNS   : 0.000

Type  : Slow 1200mV 0C Model Hold 'accel_i_q[18]'
Slack : 1.768
TNS   : 0.000

Type  : Slow 1200mV 0C Model Hold 'zxnext:zxnext|T80Na:cpu_mod|MREQ'
Slack : 1.850
TNS   : 0.000

Type  : Slow 1200mV 0C Model Recovery 'ps2_keyb:ps2_kbd_mod|data_send_rdy_s'
Slack : -7.283
TNS   : -7.283

Type  : Slow 1200mV 0C Model Recovery 'ps2_keyb:ps2_kbd_mod|ps2_iobase:ps2_alt0|sigtrigger'
Slack : -5.078
TNS   : -80.746

Type  : Slow 1200mV 0C Model Recovery 'zxnext:zxnext|T80Na:cpu_mod|MREQ'
Slack : -4.294
TNS   : -4.294

Type  : Slow 1200mV 0C Model Recovery 'CLK_3M5_CONT'
Slack : -4.281
TNS   : -27.474

Type  : Slow 1200mV 0C Model Recovery 'clk_28_div[6]'
Slack : -4.193
TNS   : -41.876

Type  : Slow 1200mV 0C Model Removal 'ps2_keyb:ps2_kbd_mod|ps2_iobase:ps2_alt0|sigtrigger'
Slack : 1.014
TNS   : 0.000

Type  : Slow 1200mV 0C Model Removal 'zxnext:zxnext|T80Na:cpu_mod|MREQ'
Slack : 1.875
TNS   : 0.000

Type  : Slow 1200mV 0C Model Removal 'CLK_3M5_CONT'
Slack : 2.115
TNS   : 0.000

Type  : Slow 1200mV 0C Model Removal 'clk_28_div[6]'
Slack : 2.580
TNS   : 0.000

Type  : Slow 1200mV 0C Model Removal 'ps2_keyb:ps2_kbd_mod|data_send_rdy_s'
Slack : 5.825
TNS   : 0.000

Type  : Slow 1200mV 0C Model Minimum Pulse Width 'CLK_3M5_CONT'
Slack : -1.487
TNS   : -1167.295

Type  : Slow 1200mV 0C Model Minimum Pulse Width 'clk_28_div[7]'
Slack : -1.487
TNS   : -121.934

Type  : Slow 1200mV 0C Model Minimum Pulse Width 'ps2_keyb:ps2_kbd_mod|ps2_iobase:ps2_alt0|sigtrigger'
Slack : -1.487
TNS   : -29.740

Type  : Slow 1200mV 0C Model Minimum Pulse Width 'clk_28_div[6]'
Slack : -1.487
TNS   : -19.331

Type  : Slow 1200mV 0C Model Minimum Pulse Width 'accel_i_q[18]'
Slack : -1.487
TNS   : -2.974

Type  : Slow 1200mV 0C Model Minimum Pulse Width 'ps2_keyb:ps2_kbd_mod|data_send_rdy_s'
Slack : -1.487
TNS   : -1.487

Type  : Slow 1200mV 0C Model Minimum Pulse Width 'zxnext:zxnext|T80Na:cpu_mod|MREQ'
Slack : -1.487
TNS   : -1.487

Type  : Slow 1200mV 0C Model Minimum Pulse Width 'zxnext:zxnext|T80Na:cpu_mod|T80N:z80n|IR[0]'
Slack : 0.127
TNS   : 0.000

Type  : Slow 1200mV 0C Model Minimum Pulse Width 'clocks_inst|altpll_component|auto_generated|pll1|clk[4]'
Slack : 8.621
TNS   : 0.000

Type  : Slow 1200mV 0C Model Minimum Pulse Width 'clock_50_i'
Slack : 9.935
TNS   : 0.000

Type  : Slow 1200mV 0C Model Minimum Pulse Width 'clocks_inst|altpll_component|auto_generated|pll1|clk[0]'
Slack : 17.490
TNS   : 0.000

Type  : Slow 1200mV 0C Model Minimum Pulse Width 'clocks_inst|altpll_component|auto_generated|pll1|clk[1]'
Slack : 17.500
TNS   : 0.000

Type  : Slow 1200mV 0C Model Minimum Pulse Width 'clocks_inst|altpll_component|auto_generated|pll1|clk[2]'
Slack : 35.405
TNS   : 0.000

Type  : Slow 1200mV 0C Model Minimum Pulse Width 'clocks_inst|altpll_component|auto_generated|pll1|clk[3]'
Slack : 71.069
TNS   : 0.000

Type  : Fast 1200mV 0C Model Setup 'clocks_inst|altpll_component|auto_generated|pll1|clk[0]'
Slack : -7.641
TNS   : -5804.562

Type  : Fast 1200mV 0C Model Setup 'CLK_3M5_CONT'
Slack : -7.586
TNS   : -3382.599

Type  : Fast 1200mV 0C Model Setup 'clocks_inst|altpll_component|auto_generated|pll1|clk[3]'
Slack : -5.140
TNS   : -17.139

Type  : Fast 1200mV 0C Model Setup 'clocks_inst|altpll_component|auto_generated|pll1|clk[1]'
Slack : -4.803
TNS   : -18.097

Type  : Fast 1200mV 0C Model Setup 'clocks_inst|altpll_component|auto_generated|pll1|clk[2]'
Slack : -3.144
TNS   : -33.252

Type  : Fast 1200mV 0C Model Setup 'clk_28_div[7]'
Slack : -2.526
TNS   : -109.805

Type  : Fast 1200mV 0C Model Setup 'clk_28_div[6]'
Slack : -2.447
TNS   : -12.833

Type  : Fast 1200mV 0C Model Setup 'ps2_keyb:ps2_kbd_mod|ps2_iobase:ps2_alt0|sigtrigger'
Slack : -2.187
TNS   : -33.378

Type  : Fast 1200mV 0C Model Setup 'accel_i_q[18]'
Slack : -2.109
TNS   : -4.134

Type  : Fast 1200mV 0C Model Setup 'zxnext:zxnext|T80Na:cpu_mod|MREQ'
Slack : -1.786
TNS   : -1.786

Type  : Fast 1200mV 0C Model Setup 'zxnext:zxnext|T80Na:cpu_mod|T80N:z80n|IR[0]'
Slack : -1.688
TNS   : -6.132

Type  : Fast 1200mV 0C Model Setup 'clocks_inst|altpll_component|auto_generated|pll1|clk[4]'
Slack : 16.792
TNS   : 0.000

Type  : Fast 1200mV 0C Model Hold 'zxnext:zxnext|T80Na:cpu_mod|T80N:z80n|IR[0]'
Slack : -0.785
TNS   : -1.456

Type  : Fast 1200mV 0C Model Hold 'CLK_3M5_CONT'
Slack : -0.245
TNS   : -0.262

Type  : Fast 1200mV 0C Model Hold 'clocks_inst|altpll_component|auto_generated|pll1|clk[0]'
Slack : -0.089
TNS   : -0.089

Type  : Fast 1200mV 0C Model Hold 'clocks_inst|altpll_component|auto_generated|pll1|clk[2]'
Slack : 0.158
TNS   : 0.000

Type  : Fast 1200mV 0C Model Hold 'clocks_inst|altpll_component|auto_generated|pll1|clk[1]'
Slack : 0.179
TNS   : 0.000

Type  : Fast 1200mV 0C Model Hold 'clocks_inst|altpll_component|auto_generated|pll1|clk[3]'
Slack : 0.185
TNS   : 0.000

Type  : Fast 1200mV 0C Model Hold 'clk_28_div[7]'
Slack : 0.186
TNS   : 0.000

Type  : Fast 1200mV 0C Model Hold 'clocks_inst|altpll_component|auto_generated|pll1|clk[4]'
Slack : 0.187
TNS   : 0.000

Type  : Fast 1200mV 0C Model Hold 'ps2_keyb:ps2_kbd_mod|ps2_iobase:ps2_alt0|sigtrigger'
Slack : 0.187
TNS   : 0.000

Type  : Fast 1200mV 0C Model Hold 'clk_28_div[6]'
Slack : 0.215
TNS   : 0.000

Type  : Fast 1200mV 0C Model Hold 'accel_i_q[18]'
Slack : 0.721
TNS   : 0.000

Type  : Fast 1200mV 0C Model Hold 'zxnext:zxnext|T80Na:cpu_mod|MREQ'
Slack : 0.778
TNS   : 0.000

Type  : Fast 1200mV 0C Model Recovery 'ps2_keyb:ps2_kbd_mod|data_send_rdy_s'
Slack : -3.427
TNS   : -3.427

Type  : Fast 1200mV 0C Model Recovery 'ps2_keyb:ps2_kbd_mod|ps2_iobase:ps2_alt0|sigtrigger'
Slack : -2.065
TNS   : -35.530

Type  : Fast 1200mV 0C Model Recovery 'CLK_3M5_CONT'
Slack : -1.923
TNS   : -10.425

Type  : Fast 1200mV 0C Model Recovery 'clk_28_div[6]'
Slack : -1.897
TNS   : -18.970

Type  : Fast 1200mV 0C Model Recovery 'zxnext:zxnext|T80Na:cpu_mod|MREQ'
Slack : -1.671
TNS   : -1.671

Type  : Fast 1200mV 0C Model Removal 'ps2_keyb:ps2_kbd_mod|ps2_iobase:ps2_alt0|sigtrigger'
Slack : 0.448
TNS   : 0.000

Type  : Fast 1200mV 0C Model Removal 'zxnext:zxnext|T80Na:cpu_mod|MREQ'
Slack : 0.639
TNS   : 0.000

Type  : Fast 1200mV 0C Model Removal 'CLK_3M5_CONT'
Slack : 0.824
TNS   : 0.000

Type  : Fast 1200mV 0C Model Removal 'clk_28_div[6]'
Slack : 0.951
TNS   : 0.000

Type  : Fast 1200mV 0C Model Removal 'ps2_keyb:ps2_kbd_mod|data_send_rdy_s'
Slack : 2.579
TNS   : 0.000

Type  : Fast 1200mV 0C Model Minimum Pulse Width 'CLK_3M5_CONT'
Slack : -1.000
TNS   : -785.000

Type  : Fast 1200mV 0C Model Minimum Pulse Width 'clk_28_div[7]'
Slack : -1.000
TNS   : -82.000

Type  : Fast 1200mV 0C Model Minimum Pulse Width 'ps2_keyb:ps2_kbd_mod|ps2_iobase:ps2_alt0|sigtrigger'
Slack : -1.000
TNS   : -20.000

Type  : Fast 1200mV 0C Model Minimum Pulse Width 'clk_28_div[6]'
Slack : -1.000
TNS   : -13.000

Type  : Fast 1200mV 0C Model Minimum Pulse Width 'accel_i_q[18]'
Slack : -1.000
TNS   : -2.000

Type  : Fast 1200mV 0C Model Minimum Pulse Width 'ps2_keyb:ps2_kbd_mod|data_send_rdy_s'
Slack : -1.000
TNS   : -1.000

Type  : Fast 1200mV 0C Model Minimum Pulse Width 'zxnext:zxnext|T80Na:cpu_mod|MREQ'
Slack : -1.000
TNS   : -1.000

Type  : Fast 1200mV 0C Model Minimum Pulse Width 'zxnext:zxnext|T80Na:cpu_mod|T80N:z80n|IR[0]'
Slack : 0.267
TNS   : 0.000

Type  : Fast 1200mV 0C Model Minimum Pulse Width 'clocks_inst|altpll_component|auto_generated|pll1|clk[4]'
Slack : 8.712
TNS   : 0.000

Type  : Fast 1200mV 0C Model Minimum Pulse Width 'clock_50_i'
Slack : 9.585
TNS   : 0.000

Type  : Fast 1200mV 0C Model Minimum Pulse Width 'clocks_inst|altpll_component|auto_generated|pll1|clk[0]'
Slack : 17.604
TNS   : 0.000

Type  : Fast 1200mV 0C Model Minimum Pulse Width 'clocks_inst|altpll_component|auto_generated|pll1|clk[1]'
Slack : 17.604
TNS   : 0.000

Type  : Fast 1200mV 0C Model Minimum Pulse Width 'clocks_inst|altpll_component|auto_generated|pll1|clk[2]'
Slack : 35.462
TNS   : 0.000

Type  : Fast 1200mV 0C Model Minimum Pulse Width 'clocks_inst|altpll_component|auto_generated|pll1|clk[3]'
Slack : 71.174
TNS   : 0.000

------------------------------------------------------------
